29 train / 5 val images
device: cpu
epoch   1/60  train 1.3259  val 1.4433  (saved)
epoch   2/60  train 1.1587  val 1.3311  (saved)
epoch   3/60  train 1.1096  val 1.1718  (saved)
epoch   4/60  train 1.0848  val 1.1021  (saved)
epoch   5/60  train 1.0457  val 1.0986  (saved)
epoch   6/60  train 1.0344  val 1.0368  (saved)
epoch   7/60  train 1.0086  val 0.9873  (saved)
epoch   8/60  train 0.9808  val 0.9808  (saved)
epoch   9/60  train 0.9749  val 0.8429  (saved)
epoch  10/60  train 0.9636  val 0.9193
epoch  11/60  train 0.9315  val 1.1125
epoch  12/60  train 0.9121  val 0.8732
epoch  13/60  train 0.9047  val 0.8022  (saved)
epoch  14/60  train 0.8757  val 0.7391  (saved)
epoch  15/60  train 0.8497  val 0.8105
epoch  16/60  train 0.8093  val 0.6879  (saved)
epoch  17/60  train 0.8014  val 0.6653  (saved)
epoch  18/60  train 0.7915  val 0.7407
epoch  19/60  train 0.7673  val 0.7357
epoch  20/60  train 0.7634  val 0.7098
epoch  21/60  train 0.7478  val 0.6238  (saved)
epoch  22/60  train 0.7183  val 0.8847
epoch  23/60  train 0.6982  val 0.8407
epoch  24/60  train 0.7033  val 0.5524  (saved)
epoch  25/60  train 0.6755  val 0.5244  (saved)
epoch  26/60  train 0.6588  val 0.5593
epoch  27/60  train 0.6579  val 0.5907
epoch  28/60  train 0.6173  val 0.4072  (saved)
epoch  29/60  train 0.6086  val 0.4611
epoch  30/60  train 0.6050  val 0.5286
epoch  31/60  train 0.5908  val 0.4023  (saved)
epoch  32/60  train 0.5735  val 0.3810  (saved)
epoch  33/60  train 0.5549  val 0.6006
epoch  34/60  train 0.5328  val 0.4090
epoch  35/60  train 0.5284  val 0.4130
epoch  36/60  train 0.5215  val 0.4281
epoch  37/60  train 0.5036  val 0.4179
epoch  38/60  train 0.5008  val 0.9252
epoch  39/60  train 0.4732  val 0.7021
epoch  40/60  train 0.4714  val 0.5160
epoch  41/60  train 0.4682  val 0.3778  (saved)
epoch  42/60  train 0.4260  val 0.3620  (saved)
epoch  43/60  train 0.4327  val 0.4891
epoch  44/60  train 0.4116  val 0.2998  (saved)
epoch  45/60  train 0.4215  val 0.3133
epoch  46/60  train 0.4244  val 0.5322
epoch  47/60  train 0.3898  val 0.3624
epoch  48/60  train 0.4045  val 0.2861  (saved)
epoch  49/60  train 0.3930  val 0.3116
epoch  50/60  train 0.3602  val 0.2910
epoch  51/60  train 0.3481  val 0.2741  (saved)
epoch  52/60  train 0.3504  val 0.2552  (saved)
epoch  53/60  train 0.3424  val 0.2600
epoch  54/60  train 0.3757  val 0.2708
epoch  55/60  train 0.3893  val 0.3330
epoch  56/60  train 0.4015  val 0.2766
epoch  57/60  train 0.3967  val 0.2923
epoch  58/60  train 0.3737  val 0.3138
epoch  59/60  train 0.3341  val 0.2890
epoch  60/60  train 0.3471  val 0.2669

best val loss 0.2552, checkpoint at /Users/sophia/Desktop/SurfClam/task2_predict_rings_ml/ml/shell_unet.pt
