33 train / 5 val images
device: cpu
epoch   1/60  train 1.2559  val 1.4374  (saved)
epoch   2/60  train 1.0951  val 1.2573  (saved)
epoch   3/60  train 1.0605  val 1.1819  (saved)
epoch   4/60  train 1.0352  val 1.1231  (saved)
epoch   5/60  train 0.9994  val 1.0705  (saved)
epoch   6/60  train 0.9852  val 1.0798
epoch   7/60  train 0.9591  val 0.9936  (saved)
epoch   8/60  train 0.9353  val 0.8452  (saved)
epoch   9/60  train 0.9203  val 0.7628  (saved)
epoch  10/60  train 0.8975  val 0.7765
epoch  11/60  train 0.8674  val 0.7450  (saved)
epoch  12/60  train 0.8392  val 0.7544
epoch  13/60  train 0.8615  val 0.8035
epoch  14/60  train 0.8081  val 0.9053
epoch  15/60  train 0.7936  val 0.7894
epoch  16/60  train 0.7826  val 0.9444
epoch  17/60  train 0.7692  val 0.8094
epoch  18/60  train 0.7296  val 0.6849  (saved)
epoch  19/60  train 0.7057  val 0.6404  (saved)
epoch  20/60  train 0.6910  val 0.6273  (saved)
epoch  21/60  train 0.6715  val 0.6592
epoch  22/60  train 0.6536  val 0.6309
epoch  23/60  train 0.6475  val 0.5649  (saved)
epoch  24/60  train 0.6152  val 0.6050
epoch  25/60  train 0.5918  val 0.6249
epoch  26/60  train 0.5849  val 0.5148  (saved)
epoch  27/60  train 0.5693  val 0.5159
epoch  28/60  train 0.5475  val 0.4725  (saved)
epoch  29/60  train 0.5291  val 0.5101
epoch  30/60  train 0.5307  val 0.4825
epoch  31/60  train 0.5311  val 0.5385
epoch  32/60  train 0.5193  val 0.5195
epoch  33/60  train 0.4865  val 0.6914
epoch  34/60  train 0.4828  val 0.5625
epoch  35/60  train 0.4728  val 0.4567  (saved)
epoch  36/60  train 0.4510  val 0.4742
epoch  37/60  train 0.4505  val 0.4235  (saved)
epoch  38/60  train 0.4335  val 0.3687  (saved)
epoch  39/60  train 0.4220  val 0.3966
epoch  40/60  train 0.3997  val 0.3886
epoch  41/60  train 0.3961  val 0.4067
epoch  42/60  train 0.3937  val 0.3834
epoch  43/60  train 0.3858  val 0.3901
epoch  44/60  train 0.3814  val 0.3687
epoch  45/60  train 0.3683  val 0.3412  (saved)
epoch  46/60  train 0.3722  val 0.3649
epoch  47/60  train 0.3788  val 0.3289  (saved)
epoch  48/60  train 0.3541  val 0.4236
epoch  49/60  train 0.3799  val 0.3787
epoch  50/60  train 0.3740  val 0.3430
epoch  51/60  train 0.3486  val 0.3146  (saved)
epoch  52/60  train 0.3625  val 0.4683
epoch  53/60  train 0.3306  val 0.3698
epoch  54/60  train 0.3239  val 0.3434
epoch  55/60  train 0.3133  val 0.3125  (saved)
epoch  56/60  train 0.3636  val 0.4310
epoch  57/60  train 0.3240  val 0.6002
epoch  58/60  train 0.3122  val 0.3439
epoch  59/60  train 0.3316  val 0.2979  (saved)
epoch  60/60  train 0.3450  val 0.2952  (saved)

best val loss 0.2952, checkpoint at /Users/sophia/Desktop/SurfClam/task2_predict_rings_ml/ml/shell_unet.pt
