32 train / 5 val images
device: cpu
foreground fraction 0.0346 -> pos_weight 5.3
epoch   1/150  train 1.6687  val 1.7069  (saved)
epoch   2/150  train 1.5563  val 1.6906  (saved)
epoch   3/150  train 1.5099  val 1.6562  (saved)
epoch   4/150  train 1.4859  val 1.5778  (saved)
epoch   5/150  train 1.4630  val 1.4460  (saved)
epoch   6/150  train 1.4428  val 1.3663  (saved)
epoch   7/150  train 1.4141  val 1.3353  (saved)
epoch   8/150  train 1.3929  val 1.4284
epoch   9/150  train 1.3989  val 1.3187  (saved)
epoch  10/150  train 1.3775  val 1.2967  (saved)
epoch  11/150  train 1.3286  val 1.4935
epoch  12/150  train 1.3296  val 1.5174
epoch  13/150  train 1.3116  val 1.3220
epoch  14/150  train 1.2748  val 1.3786
epoch  15/150  train 1.2667  val 1.2881  (saved)
epoch  16/150  train 1.2503  val 1.1904  (saved)
epoch  17/150  train 1.2439  val 1.3219
epoch  18/150  train 1.1906  val 1.3160
epoch  19/150  train 1.2057  val 1.2547
epoch  20/150  train 1.1740  val 1.3329
epoch  21/150  train 1.1638  val 1.4508
epoch  22/150  train 1.1432  val 1.2892
epoch  23/150  train 1.1298  val 1.2007
epoch  24/150  train 1.1071  val 1.0512  (saved)
epoch  25/150  train 1.0742  val 1.1363
epoch  26/150  train 1.0645  val 1.2153
epoch  27/150  train 1.0524  val 1.1634
epoch  28/150  train 1.0401  val 1.0499  (saved)
epoch  29/150  train 1.0147  val 1.0336  (saved)
epoch  30/150  train 0.9771  val 1.1088
epoch  31/150  train 0.9652  val 1.1178
epoch  32/150  train 0.9585  val 0.9518  (saved)
epoch  33/150  train 0.9580  val 1.0782
epoch  34/150  train 0.9336  val 1.1324
epoch  35/150  train 0.9077  val 0.9065  (saved)
epoch  36/150  train 0.8860  val 0.9809
epoch  37/150  train 0.9029  val 1.0312
epoch  38/150  train 0.8580  val 0.8673  (saved)
epoch  39/150  train 0.8569  val 0.9113
epoch  40/150  train 0.8524  val 0.9503
epoch  41/150  train 0.8219  val 0.8843
epoch  42/150  train 0.8044  val 1.1919
epoch  43/150  train 0.8227  val 0.8210  (saved)
epoch  44/150  train 0.7930  val 0.8527
epoch  45/150  train 0.7671  val 0.8112  (saved)
epoch  46/150  train 0.7544  val 0.7936  (saved)
epoch  47/150  train 0.7423  val 0.7855  (saved)
epoch  48/150  train 0.7478  val 0.7734  (saved)
epoch  49/150  train 0.7323  val 0.7670  (saved)
epoch  50/150  train 0.7162  val 0.7898
epoch  51/150  train 0.7046  val 0.8496
epoch  52/150  train 0.7355  val 0.8117
epoch  53/150  train 0.7434  val 0.7975
epoch  54/150  train 0.7107  val 0.7885
epoch  55/150  train 0.6954  val 0.8839
epoch  56/150  train 0.7117  val 0.7289  (saved)
epoch  57/150  train 0.6809  val 0.7737
epoch  58/150  train 0.6574  val 0.7960
epoch  59/150  train 0.6398  val 0.7781
epoch  60/150  train 0.6389  val 0.7036  (saved)
epoch  61/150  train 0.6269  val 0.8146
epoch  62/150  train 0.6268  val 0.7044
epoch  63/150  train 0.6080  val 0.7376
epoch  64/150  train 0.6290  val 0.7501
epoch  65/150  train 0.5929  val 0.7283
epoch  66/150  train 0.5866  val 0.7469
epoch  67/150  train 0.5798  val 0.7300
epoch  68/150  train 0.5552  val 0.7680
epoch  69/150  train 0.5970  val 0.6594  (saved)
epoch  70/150  train 0.5645  val 0.8865
epoch  71/150  train 0.5994  val 0.7029
epoch  72/150  train 0.5625  val 0.6596
epoch  73/150  train 0.6082  val 0.7285
epoch  74/150  train 0.6185  val 0.6907
epoch  75/150  train 0.5300  val 0.6648
epoch  76/150  train 0.5381  val 0.6357  (saved)
epoch  77/150  train 0.5389  val 0.6141  (saved)
epoch  78/150  train 0.5311  val 0.6126  (saved)
epoch  79/150  train 0.5116  val 0.6024  (saved)
epoch  80/150  train 0.5028  val 0.6263
epoch  81/150  train 0.5202  val 0.6216
epoch  82/150  train 0.5015  val 0.6063
epoch  83/150  train 0.5067  val 0.6619
epoch  84/150  train 0.5491  val 0.6121
epoch  85/150  train 0.4974  val 0.6507
epoch  86/150  train 0.4975  val 0.6077
epoch  87/150  train 0.4938  val 0.5470  (saved)
epoch  88/150  train 0.4681  val 0.5615
epoch  89/150  train 0.4931  val 0.6667
epoch  90/150  train 0.4631  val 0.6080
epoch  91/150  train 0.5179  val 0.5935
epoch  92/150  train 0.4595  val 0.5031  (saved)
epoch  93/150  train 0.4732  val 0.5802
epoch  94/150  train 0.4551  val 0.5789
epoch  95/150  train 0.4619  val 0.6295
epoch  96/150  train 0.4555  val 0.6284
epoch  97/150  train 0.4274  val 0.5843
epoch  98/150  train 0.4467  val 0.5614
epoch  99/150  train 0.4448  val 0.5341
epoch 100/150  train 0.4348  val 0.5614
epoch 101/150  train 0.4236  val 0.5489
epoch 102/150  train 0.4554  val 0.6633
epoch 103/150  train 0.4533  val 0.6147
epoch 104/150  train 0.3974  val 0.4949  (saved)
epoch 105/150  train 0.4583  val 0.5331
epoch 106/150  train 0.4428  val 0.5132
epoch 107/150  train 0.3948  val 0.4772  (saved)
epoch 108/150  train 0.4061  val 0.5278
epoch 109/150  train 0.4251  val 0.5187
epoch 110/150  train 0.4348  val 0.5836
epoch 111/150  train 0.4194  val 0.5287
epoch 112/150  train 0.3997  val 0.4874
epoch 113/150  train 0.4092  val 0.4775
epoch 114/150  train 0.4013  val 0.5152
epoch 115/150  train 0.4034  val 0.5132
epoch 116/150  train 0.4005  val 0.4774
epoch 117/150  train 0.4038  val 0.4843
epoch 118/150  train 0.3820  val 0.5470
epoch 119/150  train 0.3931  val 0.5257
epoch 120/150  train 0.3759  val 0.5327
epoch 121/150  train 0.3817  val 0.5113
epoch 122/150  train 0.3940  val 0.4980
epoch 123/150  train 0.3778  val 0.4908
epoch 124/150  train 0.3612  val 0.5004
epoch 125/150  train 0.3623  val 0.5127
epoch 126/150  train 0.3719  val 0.5171
epoch 127/150  train 0.3535  val 0.4888
epoch 128/150  train 0.3667  val 0.4844
epoch 129/150  train 0.3834  val 0.4984
epoch 130/150  train 0.3654  val 0.5100
epoch 131/150  train 0.3683  val 0.4864
epoch 132/150  train 0.3520  val 0.4868
epoch 133/150  train 0.3637  val 0.4992
epoch 134/150  train 0.3491  val 0.5059
epoch 135/150  train 0.3581  val 0.5115
epoch 136/150  train 0.3825  val 0.5115
epoch 137/150  train 0.3886  val 0.5069
epoch 138/150  train 0.3723  val 0.4971
epoch 139/150  train 0.3461  val 0.4943
epoch 140/150  train 0.3752  val 0.4961
epoch 141/150  train 0.3568  val 0.4845
epoch 142/150  train 0.3587  val 0.4846
epoch 143/150  train 0.3834  val 0.4810
epoch 144/150  train 0.3486  val 0.4833
epoch 145/150  train 0.3566  val 0.4834
epoch 146/150  train 0.3690  val 0.4852
epoch 147/150  train 0.3798  val 0.4863
epoch 148/150  train 0.3678  val 0.4851
epoch 149/150  train 0.3581  val 0.4818
epoch 150/150  train 0.3748  val 0.4837

best val loss 0.4772, checkpoint at /Users/sophia/Desktop/SurfClam/task2_predict_rings_ml/ml/shell_unet.pt
